src/store/middleware/logger.js(5,32): error TS8010: Type annotations can only be used in TypeScript files.
